// Jest Snapshot v1, https://goo.gl/fbAQLP

exports[`renders correctly 1`] = `
<div
  className="rule-engine container"
>
  <div
    className="input-container"
  >
    obj =
    <input
      className="input-text"
      onChange={[Function]}
      type="text"
      value=""
    />
  </div>
  <button
    className="run-button"
    onClick={[Function]}
  >
    Lets rule !
  </button>
</div>
`;
