// Jest Snapshot v1, https://goo.gl/fbAQLP

exports[`renders correctly 1`] = `
<div
  className="rule-accordion-head container not-done rounded-all-corners"
  onClick={[Function]}
>
  <div
    className="rule-id not-done"
  />
  <div
    className="rule-title"
  />
  <div
    className="rule-step"
  />
</div>
`;
